stm32f3xx_hal_tim.c:271:13:HAL_TIM_Base_MspInit	0	static
stm32f3xx_hal_tim.c:286:13:HAL_TIM_Base_MspDeInit	0	static
stm32f3xx_hal_tim.c:244:19:HAL_TIM_Base_DeInit	8	static
stm32f3xx_hal_tim.c:302:19:HAL_TIM_Base_Start	0	static
stm32f3xx_hal_tim.c:325:19:HAL_TIM_Base_Stop	0	static
stm32f3xx_hal_tim.c:348:19:HAL_TIM_Base_Start_IT	0	static
stm32f3xx_hal_tim.c:368:19:HAL_TIM_Base_Stop_IT	0	static
stm32f3xx_hal_tim.c:389:19:HAL_TIM_Base_Start_DMA	8	static
stm32f3xx_hal_tim.c:433:19:HAL_TIM_Base_Stop_DMA	0	static
stm32f3xx_hal_tim.c:553:13:HAL_TIM_OC_MspInit	0	static
stm32f3xx_hal_tim.c:568:13:HAL_TIM_OC_MspDeInit	0	static
stm32f3xx_hal_tim.c:526:19:HAL_TIM_OC_DeInit	8	static
stm32f3xx_hal_tim.c:1064:13:HAL_TIM_PWM_MspInit	0	static
stm32f3xx_hal_tim.c:1079:13:HAL_TIM_PWM_MspDeInit	0	static
stm32f3xx_hal_tim.c:1037:19:HAL_TIM_PWM_DeInit	8	static
stm32f3xx_hal_tim.c:1578:13:HAL_TIM_IC_MspInit	0	static
stm32f3xx_hal_tim.c:1593:13:HAL_TIM_IC_MspDeInit	0	static
stm32f3xx_hal_tim.c:1551:19:HAL_TIM_IC_DeInit	8	static
stm32f3xx_hal_tim.c:2065:13:HAL_TIM_OnePulse_MspInit	0	static
stm32f3xx_hal_tim.c:2080:13:HAL_TIM_OnePulse_MspDeInit	0	static
stm32f3xx_hal_tim.c:2038:19:HAL_TIM_OnePulse_DeInit	8	static
stm32f3xx_hal_tim.c:2099:19:HAL_TIM_OnePulse_Start	0	static
stm32f3xx_hal_tim.c:2132:19:HAL_TIM_OnePulse_Stop	0	static
stm32f3xx_hal_tim.c:2165:19:HAL_TIM_OnePulse_Start_IT	0	static
stm32f3xx_hal_tim.c:2204:19:HAL_TIM_OnePulse_Stop_IT	0	static
stm32f3xx_hal_tim.c:2388:13:HAL_TIM_Encoder_MspInit	0	static
stm32f3xx_hal_tim.c:2403:13:HAL_TIM_Encoder_MspDeInit	0	static
stm32f3xx_hal_tim.c:2361:19:HAL_TIM_Encoder_DeInit	8	static
stm32f3xx_hal_tim.c:2423:19:HAL_TIM_Encoder_Start	0	static
stm32f3xx_hal_tim.c:2465:19:HAL_TIM_Encoder_Stop	0	static
stm32f3xx_hal_tim.c:2509:19:HAL_TIM_Encoder_Start_IT	0	static
stm32f3xx_hal_tim.c:2557:19:HAL_TIM_Encoder_Stop_IT	0	static
stm32f3xx_hal_tim.c:2611:19:HAL_TIM_Encoder_Start_DMA	24	static
stm32f3xx_hal_tim.c:2728:19:HAL_TIM_Encoder_Stop_DMA	0	static
stm32f3xx_hal_tim.c:3413:19:HAL_TIM_DMABurst_MultiWriteStart	24	static
stm32f3xx_hal_tim.c:3367:19:HAL_TIM_DMABurst_WriteStart	24	static
stm32f3xx_hal_tim.c:3683:19:HAL_TIM_DMABurst_MultiReadStart	24	static
stm32f3xx_hal_tim.c:3637:19:HAL_TIM_DMABurst_ReadStart	24	static
stm32f3xx_hal_tim.c:3816:19:HAL_TIM_DMABurst_ReadStop	16	static
stm32f3xx_hal_tim.c:3545:19:HAL_TIM_DMABurst_WriteStop	0	static
stm32f3xx_hal_tim.c:3889:19:HAL_TIM_GenerateEvent	0	static
stm32f3xx_hal_tim.c:4204:19:HAL_TIM_ConfigTI1Input	0	static
stm32f3xx_hal_tim.c:4309:10:HAL_TIM_ReadCapturedValue	0	static
stm32f3xx_hal_tim.c:4396:13:HAL_TIM_PeriodElapsedCallback	0	static
stm32f3xx_hal_tim.c:4655:13:TIM_DMAPeriodElapsedCplt	8	static
stm32f3xx_hal_tim.c:4411:13:HAL_TIM_OC_DelayElapsedCallback	0	static
stm32f3xx_hal_tim.c:4425:13:HAL_TIM_IC_CaptureCallback	0	static
stm32f3xx_hal_tim.c:4622:6:TIM_DMACaptureCplt	8	static
stm32f3xx_hal_tim.c:4440:13:HAL_TIM_PWM_PulseFinishedCallback	0	static
stm32f3xx_hal_tim.c:4590:6:TIM_DMADelayPulseCplt	8	static
stm32f3xx_hal_tim.c:4455:13:HAL_TIM_TriggerCallback	0	static
stm32f3xx_hal_tim.c:2790:6:HAL_TIM_IRQHandler	8	static
stm32f3xx_hal_tim.c:4669:13:TIM_DMATriggerCplt	8	static
stm32f3xx_hal_tim.c:4470:13:HAL_TIM_ErrorCallback	0	static
stm32f3xx_hal_tim.c:4576:6:TIM_DMAError	8	static
stm32f3xx_hal_tim.c:4504:22:HAL_TIM_Base_GetState	0	static
stm32f3xx_hal_tim.c:4514:22:HAL_TIM_OC_GetState	0	static
stm32f3xx_hal_tim.c:4524:22:HAL_TIM_PWM_GetState	0	static
stm32f3xx_hal_tim.c:4534:22:HAL_TIM_IC_GetState	0	static
stm32f3xx_hal_tim.c:4544:22:HAL_TIM_OnePulse_GetState	0	static
stm32f3xx_hal_tim.c:4554:22:HAL_TIM_Encoder_GetState	0	static
stm32f3xx_hal_tim.c:4684:6:TIM_Base_SetConfig	8	static
stm32f3xx_hal_tim.c:204:19:HAL_TIM_Base_Init	8	static
stm32f3xx_hal_tim.c:486:19:HAL_TIM_OC_Init	8	static
stm32f3xx_hal_tim.c:997:19:HAL_TIM_PWM_Init	8	static
stm32f3xx_hal_tim.c:1511:19:HAL_TIM_IC_Init	8	static
stm32f3xx_hal_tim.c:1991:19:HAL_TIM_OnePulse_Init	16	static
stm32f3xx_hal_tim.c:2268:19:HAL_TIM_Encoder_Init	24	static
stm32f3xx_hal_tim.c:4732:6:TIM_OC1_SetConfig	16	static
stm32f3xx_hal_tim.c:4806:6:TIM_OC2_SetConfig	16	static
stm32f3xx_hal_tim.c:4886:6:TIM_OC3_SetConfig	16	static
stm32f3xx_hal_tim.c:4963:6:TIM_OC4_SetConfig	12	static
stm32f3xx_hal_tim.c:2966:26:HAL_TIM_OC_ConfigChannel	16	static
stm32f3xx_hal_tim.c:3131:26:HAL_TIM_PWM_ConfigChannel	16	static
stm32f3xx_hal_tim.c:5162:6:TIM_TI1_SetConfig	16	static
stm32f3xx_hal_tim.c:3035:19:HAL_TIM_IC_ConfigChannel	24	static
stm32f3xx_hal_tim.c:3231:19:HAL_TIM_OnePulse_ConfigChannel	48	static
stm32f3xx_hal_tim.c:5456:6:TIM_ETR_SetConfig	8	static
stm32f3xx_hal_tim.c:3926:26:HAL_TIM_ConfigOCrefClear	16	static
stm32f3xx_hal_tim.c:4030:19:HAL_TIM_ConfigClockSource	16	static
stm32f3xx_hal_tim.c:5018:13:TIM_SlaveTimer_SetConfig	8	static
stm32f3xx_hal_tim.c:4236:19:HAL_TIM_SlaveConfigSynchronization	16	static
stm32f3xx_hal_tim.c:4271:19:HAL_TIM_SlaveConfigSynchronization_IT	16	static
stm32f3xx_hal_tim.c:5486:6:TIM_CCxChannelCmd	8	static
stm32f3xx_hal_tim.c:621:19:HAL_TIM_OC_Stop	8	static
stm32f3xx_hal_tim.c:1100:19:HAL_TIM_PWM_Start	8	static
stm32f3xx_hal_tim.c:589:19:HAL_TIM_OC_Start	0	static
stm32f3xx_hal_tim.c:1132:19:HAL_TIM_PWM_Stop	8	static
stm32f3xx_hal_tim.c:1167:19:HAL_TIM_PWM_Start_IT	8	static
stm32f3xx_hal_tim.c:653:19:HAL_TIM_OC_Start_IT	0	static
stm32f3xx_hal_tim.c:1233:19:HAL_TIM_PWM_Stop_IT	8	static
stm32f3xx_hal_tim.c:719:19:HAL_TIM_OC_Stop_IT	0	static
stm32f3xx_hal_tim.c:1301:19:HAL_TIM_PWM_Start_DMA	16	static
stm32f3xx_hal_tim.c:787:19:HAL_TIM_OC_Start_DMA	0	static
stm32f3xx_hal_tim.c:1418:19:HAL_TIM_PWM_Stop_DMA	8	static
stm32f3xx_hal_tim.c:904:19:HAL_TIM_OC_Stop_DMA	0	static
stm32f3xx_hal_tim.c:1614:19:HAL_TIM_IC_Start	8	static
stm32f3xx_hal_tim.c:1640:19:HAL_TIM_IC_Stop	8	static
stm32f3xx_hal_tim.c:1666:19:HAL_TIM_IC_Start_IT	8	static
stm32f3xx_hal_tim.c:1725:19:HAL_TIM_IC_Stop_IT	8	static
stm32f3xx_hal_tim.c:1787:19:HAL_TIM_IC_Start_DMA	16	static
stm32f3xx_hal_tim.c:1900:19:HAL_TIM_IC_Stop_DMA	8	static
