stm32f3xx_hal_tim_ex.c:2576:13:TIM_CCxNChannelCmd	8	static
stm32f3xx_hal_tim_ex.c:2599:13:TIM_OC5_SetConfig	12	static
stm32f3xx_hal_tim_ex.c:2652:13:TIM_OC6_SetConfig	12	static
stm32f3xx_hal_tim_ex.c:293:13:HAL_TIMEx_HallSensor_MspInit	0	static
stm32f3xx_hal_tim_ex.c:187:19:HAL_TIMEx_HallSensor_Init	48	static
stm32f3xx_hal_tim_ex.c:308:13:HAL_TIMEx_HallSensor_MspDeInit	0	static
stm32f3xx_hal_tim_ex.c:266:19:HAL_TIMEx_HallSensor_DeInit	8	static
stm32f3xx_hal_tim_ex.c:323:19:HAL_TIMEx_HallSensor_Start	8	static
stm32f3xx_hal_tim_ex.c:344:19:HAL_TIMEx_HallSensor_Stop	8	static
stm32f3xx_hal_tim_ex.c:365:19:HAL_TIMEx_HallSensor_Start_IT	8	static
stm32f3xx_hal_tim_ex.c:389:19:HAL_TIMEx_HallSensor_Stop_IT	8	static
stm32f3xx_hal_tim_ex.c:415:19:HAL_TIMEx_HallSensor_Start_DMA	16	static
stm32f3xx_hal_tim_ex.c:462:19:HAL_TIMEx_HallSensor_Stop_DMA	8	static
stm32f3xx_hal_tim_ex.c:891:19:HAL_TIMEx_PWMN_Start	8	static
stm32f3xx_hal_tim_ex.c:517:19:HAL_TIMEx_OCN_Start	0	static
stm32f3xx_hal_tim_ex.c:948:19:HAL_TIMEx_PWMN_Start_IT	8	static
stm32f3xx_hal_tim_ex.c:575:19:HAL_TIMEx_OCN_Start_IT	0	static
stm32f3xx_hal_tim_ex.c:1007:19:HAL_TIMEx_PWMN_Stop_IT	8	static
stm32f3xx_hal_tim_ex.c:634:19:HAL_TIMEx_OCN_Stop_IT	0	static
stm32f3xx_hal_tim_ex.c:1074:19:HAL_TIMEx_PWMN_Start_DMA	16	static
stm32f3xx_hal_tim_ex.c:701:19:HAL_TIMEx_OCN_Start_DMA	0	static
stm32f3xx_hal_tim_ex.c:1172:19:HAL_TIMEx_PWMN_Stop_DMA	8	static
stm32f3xx_hal_tim_ex.c:799:19:HAL_TIMEx_OCN_Stop_DMA	0	static
stm32f3xx_hal_tim_ex.c:1252:19:HAL_TIMEx_OnePulseN_Start	8	static
stm32f3xx_hal_tim_ex.c:1277:19:HAL_TIMEx_OnePulseN_Stop	8	static
stm32f3xx_hal_tim_ex.c:919:19:HAL_TIMEx_PWMN_Stop	0	static
stm32f3xx_hal_tim_ex.c:546:19:HAL_TIMEx_OCN_Stop	0	static
stm32f3xx_hal_tim_ex.c:1306:19:HAL_TIMEx_OnePulseN_Start_IT	8	static
stm32f3xx_hal_tim_ex.c:1337:19:HAL_TIMEx_OnePulseN_Stop_IT	8	static
stm32f3xx_hal_tim_ex.c:1410:19:HAL_TIMEx_ConfigCommutationEvent	8	static
stm32f3xx_hal_tim_ex.c:1459:19:HAL_TIMEx_ConfigCommutationEvent_IT	8	static
stm32f3xx_hal_tim_ex.c:1512:19:HAL_TIMEx_ConfigCommutationEvent_DMA	8	static
stm32f3xx_hal_tim_ex.c:1565:19:HAL_TIM_OC_ConfigChannel	8	static
stm32f3xx_hal_tim_ex.c:1669:19:HAL_TIM_PWM_ConfigChannel	16	static
stm32f3xx_hal_tim_ex.c:1808:19:HAL_TIMEx_MasterConfigSynchronization	12	static
stm32f3xx_hal_tim_ex.c:1918:19:HAL_TIMEx_ConfigBreakDeadTime	8	static
stm32f3xx_hal_tim_ex.c:2190:19:HAL_TIMEx_RemapConfig	0	static
stm32f3xx_hal_tim_ex.c:2229:19:HAL_TIMEx_GroupChannel5	0	static
stm32f3xx_hal_tim_ex.c:2285:19:HAL_TIM_ConfigOCrefClear	16	static
stm32f3xx_hal_tim_ex.c:2470:13:HAL_TIMEx_CommutationCallback	0	static
stm32f3xx_hal_tim_ex.c:2555:6:TIMEx_DMACommutationCplt	8	static
stm32f3xx_hal_tim_ex.c:2485:13:HAL_TIMEx_BreakCallback	0	static
stm32f3xx_hal_tim_ex.c:2500:13:HAL_TIMEx_Break2Callback	0	static
stm32f3xx_hal_tim_ex.c:2534:22:HAL_TIMEx_HallSensor_GetState	0	static
